
> irins-fashion@0.1.0 dev
> next dev -p 3000

▲ Next.js 16.1.1 (Turbopack)
- Local:         http://localhost:3000
- Network:       http://192.168.1.33:3000
- Environments: .env.local

✓ Starting...
✓ Ready in 824ms
[ProductPage] Fetching product for slug: cotton-arm-sleeves
 GET /api/auth/me 401 in 54ms (compile: 44ms, render: 10ms)
[ProductPage] fetch result for cotton-arm-sleeves: Found e7f87169-b4de-4b2d-9aee-52fce3c772b3
 GET /product/cotton-arm-sleeves 200 in 10.0s (compile: 620ms, render: 9.3s)
 GET /api/auth/me 401 in 14ms (compile: 3ms, render: 11ms)
[ProductPage] Fetching product for slug: cotton-arm-sleeves
 GET /collection/borkas 200 in 12.2s (compile: 736ms, render: 11.4s)
[ProductPage] fetch result for cotton-arm-sleeves: Found e7f87169-b4de-4b2d-9aee-52fce3c772b3
 GET /product/cotton-arm-sleeves 200 in 4.3s (compile: 5ms, render: 4.3s)
[ProductPage] Fetching product for slug: cotton-arm-sleeves
[ProductPage] fetch result for cotton-arm-sleeves: Found e7f87169-b4de-4b2d-9aee-52fce3c772b3
 GET /product/cotton-arm-sleeves 200 in 1694ms (compile: 14ms, render: 1681ms)
[ProductPage] Fetching product for slug: cotton-arm-sleeves
[ProductPage] fetch result for cotton-arm-sleeves: Found e7f87169-b4de-4b2d-9aee-52fce3c772b3
 GET /product/cotton-arm-sleeves 200 in 1562ms (compile: 15ms, render: 1547ms)
 GET /api/auth/me 401 in 146ms (compile: 40ms, render: 105ms)
[ProductPage] Fetching product for slug: cotton-arm-sleeves
[ProductPage] fetch result for cotton-arm-sleeves: Found e7f87169-b4de-4b2d-9aee-52fce3c772b3
 GET /product/cotton-arm-sleeves 200 in 2.6s (compile: 32ms, render: 2.6s)
[ProductPage] Fetching product for slug: cotton-arm-sleeves
[ProductPage] fetch result for cotton-arm-sleeves: Found e7f87169-b4de-4b2d-9aee-52fce3c772b3
 GET /product/cotton-arm-sleeves 200 in 6.0s (compile: 11ms, render: 6.0s)
 GET /api/auth/me 401 in 18ms (compile: 5ms, render: 13ms)
✓ Compiled in 1048ms
 GET /collection/borkas 200 in 296ms (compile: 14ms, render: 282ms)
 GET /product/cotton-arm-sleeves 200 in 361ms (compile: 157ms, render: 204ms)
 GET /product/cotton-arm-sleeves 200 in 148ms (compile: 11ms, render: 137ms)
 GET /product/cotton-arm-sleeves 200 in 83ms (compile: 7ms, render: 75ms)
 GET / 200 in 181ms (compile: 144ms, render: 37ms)
 GET /product/velvet-volumizer-scrunchie 200 in 3.6s (compile: 19ms, render: 3.6s)
 GET /product/velvet-volumizer-scrunchie 200 in 1523ms (compile: 8ms, render: 1515ms)
 GET /checkout?direct=true 200 in 307ms (compile: 294ms, render: 14ms)
 GET / 200 in 45ms (compile: 16ms, render: 29ms)
 GET /collection/accessories 200 in 4.4s (compile: 23ms, render: 4.4s)
 GET /product/cotton-arm-sleeves 200 in 3.2s (compile: 7ms, render: 3.2s)
 GET / 200 in 42ms (compile: 18ms, render: 24ms)
 GET /product/floral-embroidered-gown-abaya 200 in 2.4s (compile: 15ms, render: 2.4s)
 GET /cart 200 in 67ms (compile: 54ms, render: 12ms)
 GET /checkout 200 in 27ms (compile: 8ms, render: 19ms)
 GET / 200 in 75ms (compile: 44ms, render: 31ms)
